[10:39:37.735] main: creating global mutex
[10:39:37.735] main: global mutex created
[10:39:37.900] main: multi-instance check done
[10:39:37.972] main: creating PPTAssistantApp
[10:39:37.973] main: PPTAssistantApp created
[10:39:37.973] _perform_init_step: calling next()
[10:39:37.973] _init_steps: START
[10:39:37.973] _perform_init_step: got (10, loading_config)
[10:39:37.974] _perform_init_step: splash updated
[10:39:37.974] _perform_init_step: calling next()
[10:39:37.974] _init_steps: step 10 - applying theme
[10:39:37.975] _init_steps: theme applied
[10:39:37.975] _perform_init_step: got (20, loading_fonts)
[10:39:37.976] _perform_init_step: splash updated
[10:39:37.976] _perform_init_step: calling next()
[10:39:37.976] _init_steps: step 20 - loading fonts
[10:39:37.976] _perform_init_step: got (30, init_monitor)
[10:39:37.976] _perform_init_step: splash updated
[10:39:37.976] _perform_init_step: calling next()
[10:39:37.976] _init_steps: step 30 - creating PPTMonitor
[10:39:37.977] _init_steps: PPTMonitor created
[10:39:37.978] _perform_init_step: got (35, prepare_ui_env)
[10:39:37.978] _perform_init_step: splash updated
[10:39:37.978] _perform_init_step: calling next()
[10:39:37.978] _init_steps: step 35 - warming up WebEngine + settings page
[10:39:53.003] _init_steps: settings page load timeout
[10:39:53.003] _perform_init_step: got (40, init_ui)
[10:39:53.004] _perform_init_step: splash updated
[10:39:53.004] _perform_init_step: calling next()
[10:39:53.004] _init_steps: step 40 - creating overlay
[10:39:53.009] _init_steps: overlay created (OverlayWindow)
[10:39:53.009] _perform_init_step: got (60, loading_plugins)
[10:39:53.011] _perform_init_step: splash updated
[10:39:53.011] _perform_init_step: calling next()
[10:39:53.011] _init_steps: step 60 - loading plugins
[10:39:53.012] _init_steps: waiting for plugins to load...
[10:39:53.135] _init_steps: all builtin plugins loaded
[10:39:53.135] _init_steps: plugins loaded
[10:39:53.135] _perform_init_step: got (80, init_tray)
[10:39:53.137] _perform_init_step: splash updated
[10:39:53.138] _perform_init_step: calling next()
[10:39:53.138] _init_steps: step 80 - creating tray
[10:39:53.214] _init_steps: tray created
[10:39:53.214] _perform_init_step: got (85, finalizing)
[10:39:53.218] _perform_init_step: splash updated
[10:39:53.218] _perform_init_step: calling next()
[10:39:53.219] _init_steps: step 85 - binding overlay
[10:39:53.219] _init_steps: overlay bound
[10:39:53.219] _perform_init_step: got (90, finalizing)
[10:39:53.221] _perform_init_step: splash updated
[10:39:53.221] _perform_init_step: calling next()
[10:39:53.221] _init_steps: step 90 - connecting signals
[10:39:53.221] _connect_signals: ENTRY
[10:39:53.222] _connect_signals: tray is not None, board_plugin exists: True, timer_plugin exists: True
[10:39:53.222] _connect_signals: connecting board_plugin
[10:39:53.222] _connect_signals: board_plugin signal connected
[10:39:53.223] _init_steps: signals connected
[10:39:53.223] _perform_init_step: got (95, finalizing)
[10:39:53.224] _perform_init_step: splash updated
[10:39:53.224] _perform_init_step: calling next()
[10:39:53.224] _init_steps: step 95 - starting services
[10:39:53.225] _init_steps: monitor started
[10:39:53.226] _init_steps: resource monitor started
[10:39:53.226] _init_steps: classisland monitor started
[10:39:53.227] _init_steps: memory cleaner / GC done
[10:39:53.600] _init_steps: update service done
[10:39:53.640] _init_steps: overlay shown (compat mode)
[10:39:53.642] _init_steps: splash finished
[10:39:53.642] _init_steps: DONE
[10:39:53.642] _perform_init_step: StopIteration - init complete
[10:39:56.244] [BoardWindow] __init__ START
[10:39:56.245] [BoardWindow] super().__init__() done
[10:39:56.245] [BoardWindow] Registering KazuhaBoard QML type
[10:39:56.245] [BoardWindow] KazuhaBoard registered
[10:39:56.246] [BoardWindow] setWindowFlags done
[10:39:56.249] [BoardWindow] Creating BoardBackend
[10:39:56.249] [BoardWindow] BoardBackend created, setting context properties
[10:39:56.261] [BoardWindow] About to setSource: /home/chenjintang/sectl/Luminalium/plugins/builtins/board/Board.qml
